Analysis & Synthesis report for MicroProcessador
Fri Oct 28 15:46:58 2016
Quartus II 32-bit Version 13.0.1 Build 232 06/12/2013 Service Pack 1 SJ Full Version


---------------------
; Table of Contents ;
---------------------
  1. Legal Notice
  2. Analysis & Synthesis Summary
  3. Analysis & Synthesis Settings
  4. Parallel Compilation
  5. Analysis & Synthesis IP Cores Summary
  6. Source assignments for Memoria-RAM:inst5|MemoriaComandos:inst2|altsyncram:altsyncram_component|altsyncram_ngb1:auto_generated
  7. Source assignments for Memoria-RAM:inst5|MemoriaDados:inst|altsyncram:altsyncram_component|altsyncram_e6b1:auto_generated
  8. Parameter Settings for User Entity Instance: Memoria-RAM:inst5|MemoriaComandos:inst2|altsyncram:altsyncram_component
  9. Parameter Settings for User Entity Instance: Memoria-RAM:inst5|MemoriaDados:inst|altsyncram:altsyncram_component
 10. altsyncram Parameter Settings by Entity Instance
 11. Elapsed Time Per Partition
 12. Analysis & Synthesis Messages



----------------
; Legal Notice ;
----------------
Copyright (C) 1991-2013 Altera Corporation
Your use of Altera Corporation's design tools, logic functions 
and other software and tools, and its AMPP partner logic 
functions, and any output files from any of the foregoing 
(including device programming or simulation files), and any 
associated documentation or information are expressly subject 
to the terms and conditions of the Altera Program License 
Subscription Agreement, Altera MegaCore Function License 
Agreement, or other applicable license agreement, including, 
without limitation, that your use is for the sole purpose of 
programming logic devices manufactured by Altera and sold by 
Altera or its authorized distributors.  Please refer to the 
applicable agreement for further details.



+---------------------------------------------------------------------------------------+
; Analysis & Synthesis Summary                                                          ;
+------------------------------------+--------------------------------------------------+
; Analysis & Synthesis Status        ; Failed - Fri Oct 28 15:46:58 2016                ;
; Quartus II 32-bit Version          ; 13.0.1 Build 232 06/12/2013 SP 1 SJ Full Version ;
; Revision Name                      ; MicroProcessador                                 ;
; Top-level Entity Name              ; MicroProcessador                                 ;
; Family                             ; Cyclone IV E                                     ;
; Total logic elements               ; N/A until Partition Merge                        ;
;     Total combinational functions  ; N/A until Partition Merge                        ;
;     Dedicated logic registers      ; N/A until Partition Merge                        ;
; Total registers                    ; N/A until Partition Merge                        ;
; Total pins                         ; N/A until Partition Merge                        ;
; Total virtual pins                 ; N/A until Partition Merge                        ;
; Total memory bits                  ; N/A until Partition Merge                        ;
; Embedded Multiplier 9-bit elements ; N/A until Partition Merge                        ;
; Total PLLs                         ; N/A until Partition Merge                        ;
+------------------------------------+--------------------------------------------------+


+----------------------------------------------------------------------------------------------------------------------+
; Analysis & Synthesis Settings                                                                                        ;
+----------------------------------------------------------------------------+--------------------+--------------------+
; Option                                                                     ; Setting            ; Default Value      ;
+----------------------------------------------------------------------------+--------------------+--------------------+
; Device                                                                     ; EP4CE6E22A7        ;                    ;
; Top-level entity name                                                      ; MicroProcessador   ; MicroProcessador   ;
; Family name                                                                ; Cyclone IV E       ; Cyclone IV GX      ;
; Use smart compilation                                                      ; Off                ; Off                ;
; Enable parallel Assembler and TimeQuest Timing Analyzer during compilation ; On                 ; On                 ;
; Enable compact report table                                                ; Off                ; Off                ;
; Restructure Multiplexers                                                   ; Auto               ; Auto               ;
; Create Debugging Nodes for IP Cores                                        ; Off                ; Off                ;
; Preserve fewer node names                                                  ; On                 ; On                 ;
; Disable OpenCore Plus hardware evaluation                                  ; Off                ; Off                ;
; Verilog Version                                                            ; Verilog_2001       ; Verilog_2001       ;
; VHDL Version                                                               ; VHDL_1993          ; VHDL_1993          ;
; State Machine Processing                                                   ; Auto               ; Auto               ;
; Safe State Machine                                                         ; Off                ; Off                ;
; Extract Verilog State Machines                                             ; On                 ; On                 ;
; Extract VHDL State Machines                                                ; On                 ; On                 ;
; Ignore Verilog initial constructs                                          ; Off                ; Off                ;
; Iteration limit for constant Verilog loops                                 ; 5000               ; 5000               ;
; Iteration limit for non-constant Verilog loops                             ; 250                ; 250                ;
; Add Pass-Through Logic to Inferred RAMs                                    ; On                 ; On                 ;
; Infer RAMs from Raw Logic                                                  ; On                 ; On                 ;
; Parallel Synthesis                                                         ; On                 ; On                 ;
; DSP Block Balancing                                                        ; Auto               ; Auto               ;
; NOT Gate Push-Back                                                         ; On                 ; On                 ;
; Power-Up Don't Care                                                        ; On                 ; On                 ;
; Remove Redundant Logic Cells                                               ; Off                ; Off                ;
; Remove Duplicate Registers                                                 ; On                 ; On                 ;
; Ignore CARRY Buffers                                                       ; Off                ; Off                ;
; Ignore CASCADE Buffers                                                     ; Off                ; Off                ;
; Ignore GLOBAL Buffers                                                      ; Off                ; Off                ;
; Ignore ROW GLOBAL Buffers                                                  ; Off                ; Off                ;
; Ignore LCELL Buffers                                                       ; Off                ; Off                ;
; Ignore SOFT Buffers                                                        ; On                 ; On                 ;
; Limit AHDL Integers to 32 Bits                                             ; Off                ; Off                ;
; Optimization Technique                                                     ; Balanced           ; Balanced           ;
; Carry Chain Length                                                         ; 70                 ; 70                 ;
; Auto Carry Chains                                                          ; On                 ; On                 ;
; Auto Open-Drain Pins                                                       ; On                 ; On                 ;
; Perform WYSIWYG Primitive Resynthesis                                      ; Off                ; Off                ;
; Auto ROM Replacement                                                       ; On                 ; On                 ;
; Auto RAM Replacement                                                       ; On                 ; On                 ;
; Auto DSP Block Replacement                                                 ; On                 ; On                 ;
; Auto Shift Register Replacement                                            ; Auto               ; Auto               ;
; Allow Shift Register Merging across Hierarchies                            ; Auto               ; Auto               ;
; Auto Clock Enable Replacement                                              ; On                 ; On                 ;
; Strict RAM Replacement                                                     ; Off                ; Off                ;
; Allow Synchronous Control Signals                                          ; On                 ; On                 ;
; Force Use of Synchronous Clear Signals                                     ; Off                ; Off                ;
; Auto RAM Block Balancing                                                   ; On                 ; On                 ;
; Auto RAM to Logic Cell Conversion                                          ; Off                ; Off                ;
; Auto Resource Sharing                                                      ; Off                ; Off                ;
; Allow Any RAM Size For Recognition                                         ; Off                ; Off                ;
; Allow Any ROM Size For Recognition                                         ; Off                ; Off                ;
; Allow Any Shift Register Size For Recognition                              ; Off                ; Off                ;
; Use LogicLock Constraints during Resource Balancing                        ; On                 ; On                 ;
; Ignore translate_off and synthesis_off directives                          ; Off                ; Off                ;
; Timing-Driven Synthesis                                                    ; On                 ; On                 ;
; Report Parameter Settings                                                  ; On                 ; On                 ;
; Report Source Assignments                                                  ; On                 ; On                 ;
; Report Connectivity Checks                                                 ; On                 ; On                 ;
; Ignore Maximum Fan-Out Assignments                                         ; Off                ; Off                ;
; Synchronization Register Chain Length                                      ; 2                  ; 2                  ;
; PowerPlay Power Optimization                                               ; Normal compilation ; Normal compilation ;
; HDL message level                                                          ; Level2             ; Level2             ;
; Suppress Register Optimization Related Messages                            ; Off                ; Off                ;
; Number of Removed Registers Reported in Synthesis Report                   ; 5000               ; 5000               ;
; Number of Swept Nodes Reported in Synthesis Report                         ; 5000               ; 5000               ;
; Number of Inverted Registers Reported in Synthesis Report                  ; 100                ; 100                ;
; Clock MUX Protection                                                       ; On                 ; On                 ;
; Auto Gated Clock Conversion                                                ; Off                ; Off                ;
; Block Design Naming                                                        ; Auto               ; Auto               ;
; SDC constraint protection                                                  ; Off                ; Off                ;
; Synthesis Effort                                                           ; Auto               ; Auto               ;
; Shift Register Replacement - Allow Asynchronous Clear Signal               ; On                 ; On                 ;
; Pre-Mapping Resynthesis Optimization                                       ; Off                ; Off                ;
; Analysis & Synthesis Message Level                                         ; Medium             ; Medium             ;
; Disable Register Merging Across Hierarchies                                ; Auto               ; Auto               ;
; Resource Aware Inference For Block RAM                                     ; On                 ; On                 ;
; Synthesis Seed                                                             ; 1                  ; 1                  ;
+----------------------------------------------------------------------------+--------------------+--------------------+


+------------------------------------------+
; Parallel Compilation                     ;
+----------------------------+-------------+
; Processors                 ; Number      ;
+----------------------------+-------------+
; Number detected on machine ; 4           ;
; Maximum allowed            ; 2           ;
;                            ;             ;
; Average used               ; 1.00        ;
; Maximum used               ; 1           ;
;                            ;             ;
; Usage by Processor         ; % Time Used ;
;     Processor 1            ; 100.0%      ;
;     Processors 2-4         ;   0.0%      ;
+----------------------------+-------------+


+-----------------------------------------------------------------------------------------------------------------------------------------------------------------------------------------------------------------------------------+
; Analysis & Synthesis IP Cores Summary                                                                                                                                                                                             ;
+--------+--------------+---------+--------------+--------------+-----------------------------------------------------------+-------------------------------------------------------------------------------------------------------+
; Vendor ; IP Core Name ; Version ; Release Date ; License Type ; Entity Instance                                           ; IP Include File                                                                                       ;
+--------+--------------+---------+--------------+--------------+-----------------------------------------------------------+-------------------------------------------------------------------------------------------------------+
; Altera ; ROM: 1-PORT  ; 13.0    ; N/A          ; N/A          ; |MicroProcessador|Memoria-RAM:inst5|MemoriaDados:inst     ; /home/gustavo/Documentos/Programming/PEM/Micropocessador/Gustavo_uC_PEM/Memoria-RAM/MemoriaDados.v    ;
; Altera ; ROM: 1-PORT  ; 13.0    ; N/A          ; N/A          ; |MicroProcessador|Memoria-RAM:inst5|MemoriaComandos:inst2 ; /home/gustavo/Documentos/Programming/PEM/Micropocessador/Gustavo_uC_PEM/Memoria-RAM/MemoriaComandos.v ;
+--------+--------------+---------+--------------+--------------+-----------------------------------------------------------+-------------------------------------------------------------------------------------------------------+


+-------------------------------------------------------------------------------------------------------------------------------+
; Source assignments for Memoria-RAM:inst5|MemoriaComandos:inst2|altsyncram:altsyncram_component|altsyncram_ngb1:auto_generated ;
+---------------------------------+--------------------+------+-----------------------------------------------------------------+
; Assignment                      ; Value              ; From ; To                                                              ;
+---------------------------------+--------------------+------+-----------------------------------------------------------------+
; OPTIMIZE_POWER_DURING_SYNTHESIS ; NORMAL_COMPILATION ; -    ; -                                                               ;
+---------------------------------+--------------------+------+-----------------------------------------------------------------+


+---------------------------------------------------------------------------------------------------------------------------+
; Source assignments for Memoria-RAM:inst5|MemoriaDados:inst|altsyncram:altsyncram_component|altsyncram_e6b1:auto_generated ;
+---------------------------------+--------------------+------+-------------------------------------------------------------+
; Assignment                      ; Value              ; From ; To                                                          ;
+---------------------------------+--------------------+------+-------------------------------------------------------------+
; OPTIMIZE_POWER_DURING_SYNTHESIS ; NORMAL_COMPILATION ; -    ; -                                                           ;
+---------------------------------+--------------------+------+-------------------------------------------------------------+


+----------------------------------------------------------------------------------------------------------------------+
; Parameter Settings for User Entity Instance: Memoria-RAM:inst5|MemoriaComandos:inst2|altsyncram:altsyncram_component ;
+------------------------------------+----------------------+----------------------------------------------------------+
; Parameter Name                     ; Value                ; Type                                                     ;
+------------------------------------+----------------------+----------------------------------------------------------+
; BYTE_SIZE_BLOCK                    ; 8                    ; Untyped                                                  ;
; AUTO_CARRY_CHAINS                  ; ON                   ; AUTO_CARRY                                               ;
; IGNORE_CARRY_BUFFERS               ; OFF                  ; IGNORE_CARRY                                             ;
; AUTO_CASCADE_CHAINS                ; ON                   ; AUTO_CASCADE                                             ;
; IGNORE_CASCADE_BUFFERS             ; OFF                  ; IGNORE_CASCADE                                           ;
; WIDTH_BYTEENA                      ; 1                    ; Untyped                                                  ;
; OPERATION_MODE                     ; ROM                  ; Untyped                                                  ;
; WIDTH_A                            ; 8                    ; Signed Integer                                           ;
; WIDTHAD_A                          ; 5                    ; Signed Integer                                           ;
; NUMWORDS_A                         ; 32                   ; Signed Integer                                           ;
; OUTDATA_REG_A                      ; UNREGISTERED         ; Untyped                                                  ;
; ADDRESS_ACLR_A                     ; NONE                 ; Untyped                                                  ;
; OUTDATA_ACLR_A                     ; NONE                 ; Untyped                                                  ;
; WRCONTROL_ACLR_A                   ; NONE                 ; Untyped                                                  ;
; INDATA_ACLR_A                      ; NONE                 ; Untyped                                                  ;
; BYTEENA_ACLR_A                     ; NONE                 ; Untyped                                                  ;
; WIDTH_B                            ; 1                    ; Untyped                                                  ;
; WIDTHAD_B                          ; 1                    ; Untyped                                                  ;
; NUMWORDS_B                         ; 1                    ; Untyped                                                  ;
; INDATA_REG_B                       ; CLOCK1               ; Untyped                                                  ;
; WRCONTROL_WRADDRESS_REG_B          ; CLOCK1               ; Untyped                                                  ;
; RDCONTROL_REG_B                    ; CLOCK1               ; Untyped                                                  ;
; ADDRESS_REG_B                      ; CLOCK1               ; Untyped                                                  ;
; OUTDATA_REG_B                      ; UNREGISTERED         ; Untyped                                                  ;
; BYTEENA_REG_B                      ; CLOCK1               ; Untyped                                                  ;
; INDATA_ACLR_B                      ; NONE                 ; Untyped                                                  ;
; WRCONTROL_ACLR_B                   ; NONE                 ; Untyped                                                  ;
; ADDRESS_ACLR_B                     ; NONE                 ; Untyped                                                  ;
; OUTDATA_ACLR_B                     ; NONE                 ; Untyped                                                  ;
; RDCONTROL_ACLR_B                   ; NONE                 ; Untyped                                                  ;
; BYTEENA_ACLR_B                     ; NONE                 ; Untyped                                                  ;
; WIDTH_BYTEENA_A                    ; 1                    ; Signed Integer                                           ;
; WIDTH_BYTEENA_B                    ; 1                    ; Untyped                                                  ;
; RAM_BLOCK_TYPE                     ; AUTO                 ; Untyped                                                  ;
; BYTE_SIZE                          ; 8                    ; Untyped                                                  ;
; READ_DURING_WRITE_MODE_MIXED_PORTS ; DONT_CARE            ; Untyped                                                  ;
; READ_DURING_WRITE_MODE_PORT_A      ; NEW_DATA_NO_NBE_READ ; Untyped                                                  ;
; READ_DURING_WRITE_MODE_PORT_B      ; NEW_DATA_NO_NBE_READ ; Untyped                                                  ;
; INIT_FILE                          ; Comandos-Memoria.hex ; Untyped                                                  ;
; INIT_FILE_LAYOUT                   ; PORT_A               ; Untyped                                                  ;
; MAXIMUM_DEPTH                      ; 0                    ; Untyped                                                  ;
; CLOCK_ENABLE_INPUT_A               ; BYPASS               ; Untyped                                                  ;
; CLOCK_ENABLE_INPUT_B               ; NORMAL               ; Untyped                                                  ;
; CLOCK_ENABLE_OUTPUT_A              ; BYPASS               ; Untyped                                                  ;
; CLOCK_ENABLE_OUTPUT_B              ; NORMAL               ; Untyped                                                  ;
; CLOCK_ENABLE_CORE_A                ; USE_INPUT_CLKEN      ; Untyped                                                  ;
; CLOCK_ENABLE_CORE_B                ; USE_INPUT_CLKEN      ; Untyped                                                  ;
; ENABLE_ECC                         ; FALSE                ; Untyped                                                  ;
; ECC_PIPELINE_STAGE_ENABLED         ; FALSE                ; Untyped                                                  ;
; WIDTH_ECCSTATUS                    ; 3                    ; Untyped                                                  ;
; DEVICE_FAMILY                      ; Cyclone IV E         ; Untyped                                                  ;
; CBXI_PARAMETER                     ; altsyncram_ngb1      ; Untyped                                                  ;
+------------------------------------+----------------------+----------------------------------------------------------+
Note: In order to hide this table in the UI and the text report file, please set the "Show Parameter Settings in Synthesis Report" option in "Analysis and Synthesis Settings -> More Settings" to "Off".


+------------------------------------------------------------------------------------------------------------------+
; Parameter Settings for User Entity Instance: Memoria-RAM:inst5|MemoriaDados:inst|altsyncram:altsyncram_component ;
+------------------------------------+----------------------+------------------------------------------------------+
; Parameter Name                     ; Value                ; Type                                                 ;
+------------------------------------+----------------------+------------------------------------------------------+
; BYTE_SIZE_BLOCK                    ; 8                    ; Untyped                                              ;
; AUTO_CARRY_CHAINS                  ; ON                   ; AUTO_CARRY                                           ;
; IGNORE_CARRY_BUFFERS               ; OFF                  ; IGNORE_CARRY                                         ;
; AUTO_CASCADE_CHAINS                ; ON                   ; AUTO_CASCADE                                         ;
; IGNORE_CASCADE_BUFFERS             ; OFF                  ; IGNORE_CASCADE                                       ;
; WIDTH_BYTEENA                      ; 1                    ; Untyped                                              ;
; OPERATION_MODE                     ; ROM                  ; Untyped                                              ;
; WIDTH_A                            ; 8                    ; Signed Integer                                       ;
; WIDTHAD_A                          ; 5                    ; Signed Integer                                       ;
; NUMWORDS_A                         ; 32                   ; Signed Integer                                       ;
; OUTDATA_REG_A                      ; UNREGISTERED         ; Untyped                                              ;
; ADDRESS_ACLR_A                     ; NONE                 ; Untyped                                              ;
; OUTDATA_ACLR_A                     ; NONE                 ; Untyped                                              ;
; WRCONTROL_ACLR_A                   ; NONE                 ; Untyped                                              ;
; INDATA_ACLR_A                      ; NONE                 ; Untyped                                              ;
; BYTEENA_ACLR_A                     ; NONE                 ; Untyped                                              ;
; WIDTH_B                            ; 1                    ; Untyped                                              ;
; WIDTHAD_B                          ; 1                    ; Untyped                                              ;
; NUMWORDS_B                         ; 1                    ; Untyped                                              ;
; INDATA_REG_B                       ; CLOCK1               ; Untyped                                              ;
; WRCONTROL_WRADDRESS_REG_B          ; CLOCK1               ; Untyped                                              ;
; RDCONTROL_REG_B                    ; CLOCK1               ; Untyped                                              ;
; ADDRESS_REG_B                      ; CLOCK1               ; Untyped                                              ;
; OUTDATA_REG_B                      ; UNREGISTERED         ; Untyped                                              ;
; BYTEENA_REG_B                      ; CLOCK1               ; Untyped                                              ;
; INDATA_ACLR_B                      ; NONE                 ; Untyped                                              ;
; WRCONTROL_ACLR_B                   ; NONE                 ; Untyped                                              ;
; ADDRESS_ACLR_B                     ; NONE                 ; Untyped                                              ;
; OUTDATA_ACLR_B                     ; NONE                 ; Untyped                                              ;
; RDCONTROL_ACLR_B                   ; NONE                 ; Untyped                                              ;
; BYTEENA_ACLR_B                     ; NONE                 ; Untyped                                              ;
; WIDTH_BYTEENA_A                    ; 1                    ; Signed Integer                                       ;
; WIDTH_BYTEENA_B                    ; 1                    ; Untyped                                              ;
; RAM_BLOCK_TYPE                     ; AUTO                 ; Untyped                                              ;
; BYTE_SIZE                          ; 8                    ; Untyped                                              ;
; READ_DURING_WRITE_MODE_MIXED_PORTS ; DONT_CARE            ; Untyped                                              ;
; READ_DURING_WRITE_MODE_PORT_A      ; NEW_DATA_NO_NBE_READ ; Untyped                                              ;
; READ_DURING_WRITE_MODE_PORT_B      ; NEW_DATA_NO_NBE_READ ; Untyped                                              ;
; INIT_FILE                          ; Dados-Memoria.hex    ; Untyped                                              ;
; INIT_FILE_LAYOUT                   ; PORT_A               ; Untyped                                              ;
; MAXIMUM_DEPTH                      ; 0                    ; Untyped                                              ;
; CLOCK_ENABLE_INPUT_A               ; BYPASS               ; Untyped                                              ;
; CLOCK_ENABLE_INPUT_B               ; NORMAL               ; Untyped                                              ;
; CLOCK_ENABLE_OUTPUT_A              ; BYPASS               ; Untyped                                              ;
; CLOCK_ENABLE_OUTPUT_B              ; NORMAL               ; Untyped                                              ;
; CLOCK_ENABLE_CORE_A                ; USE_INPUT_CLKEN      ; Untyped                                              ;
; CLOCK_ENABLE_CORE_B                ; USE_INPUT_CLKEN      ; Untyped                                              ;
; ENABLE_ECC                         ; FALSE                ; Untyped                                              ;
; ECC_PIPELINE_STAGE_ENABLED         ; FALSE                ; Untyped                                              ;
; WIDTH_ECCSTATUS                    ; 3                    ; Untyped                                              ;
; DEVICE_FAMILY                      ; Cyclone IV E         ; Untyped                                              ;
; CBXI_PARAMETER                     ; altsyncram_e6b1      ; Untyped                                              ;
+------------------------------------+----------------------+------------------------------------------------------+
Note: In order to hide this table in the UI and the text report file, please set the "Show Parameter Settings in Synthesis Report" option in "Analysis and Synthesis Settings -> More Settings" to "Off".


+---------------------------------------------------------------------------------------------------------------------+
; altsyncram Parameter Settings by Entity Instance                                                                    ;
+-------------------------------------------+-------------------------------------------------------------------------+
; Name                                      ; Value                                                                   ;
+-------------------------------------------+-------------------------------------------------------------------------+
; Number of entity instances                ; 2                                                                       ;
; Entity Instance                           ; Memoria-RAM:inst5|MemoriaComandos:inst2|altsyncram:altsyncram_component ;
;     -- OPERATION_MODE                     ; ROM                                                                     ;
;     -- WIDTH_A                            ; 8                                                                       ;
;     -- NUMWORDS_A                         ; 32                                                                      ;
;     -- OUTDATA_REG_A                      ; UNREGISTERED                                                            ;
;     -- WIDTH_B                            ; 1                                                                       ;
;     -- NUMWORDS_B                         ; 1                                                                       ;
;     -- ADDRESS_REG_B                      ; CLOCK1                                                                  ;
;     -- OUTDATA_REG_B                      ; UNREGISTERED                                                            ;
;     -- RAM_BLOCK_TYPE                     ; AUTO                                                                    ;
;     -- READ_DURING_WRITE_MODE_MIXED_PORTS ; DONT_CARE                                                               ;
; Entity Instance                           ; Memoria-RAM:inst5|MemoriaDados:inst|altsyncram:altsyncram_component     ;
;     -- OPERATION_MODE                     ; ROM                                                                     ;
;     -- WIDTH_A                            ; 8                                                                       ;
;     -- NUMWORDS_A                         ; 32                                                                      ;
;     -- OUTDATA_REG_A                      ; UNREGISTERED                                                            ;
;     -- WIDTH_B                            ; 1                                                                       ;
;     -- NUMWORDS_B                         ; 1                                                                       ;
;     -- ADDRESS_REG_B                      ; CLOCK1                                                                  ;
;     -- OUTDATA_REG_B                      ; UNREGISTERED                                                            ;
;     -- RAM_BLOCK_TYPE                     ; AUTO                                                                    ;
;     -- READ_DURING_WRITE_MODE_MIXED_PORTS ; DONT_CARE                                                               ;
+-------------------------------------------+-------------------------------------------------------------------------+


+-------------------------------+
; Elapsed Time Per Partition    ;
+----------------+--------------+
; Partition Name ; Elapsed Time ;
+----------------+--------------+
; Top            ; 00:00:00     ;
+----------------+--------------+


+-------------------------------+
; Analysis & Synthesis Messages ;
+-------------------------------+
Info: *******************************************************************
Info: Running Quartus II 32-bit Analysis & Synthesis
    Info: Version 13.0.1 Build 232 06/12/2013 Service Pack 1 SJ Full Version
    Info: Processing started: Fri Oct 28 15:46:56 2016
Info: Command: quartus_map --read_settings_files=on --write_settings_files=off MicroProcessador -c MicroProcessador
Info (11104): Parallel Compilation has detected 4 hyper-threaded processors. However, the extra hyper-threaded processors will not be used by default. Parallel Compilation will use 2 of the 2 physical processors detected instead.
Info (12021): Found 1 design units, including 1 entities, in source file Somador-Subtrador/Somador-Subtrador.bdf
    Info (12023): Found entity 1: Somador-Subtrador
Info (12021): Found 1 design units, including 1 entities, in source file Somador-Subtrador/Subtrador/Subtrador-Completo.bdf
    Info (12023): Found entity 1: Subtrador-Completo
Info (12021): Found 1 design units, including 1 entities, in source file Somador-Subtrador/Subtrador/Subtrador-8b.bdf
    Info (12023): Found entity 1: Subtrador-8b
Info (12021): Found 1 design units, including 1 entities, in source file Somador-Subtrador/Subtrador/Meio-Subtrador.bdf
    Info (12023): Found entity 1: Meio-Subtrador
Info (12021): Found 1 design units, including 1 entities, in source file Somador-Subtrador/SomadorCompleto/Somador-Completo.bdf
    Info (12023): Found entity 1: Somador-Completo
Info (12021): Found 1 design units, including 1 entities, in source file Somador-Subtrador/SomadorCompleto/Somador-8b.bdf
    Info (12023): Found entity 1: Somador-8b
Info (12021): Found 1 design units, including 1 entities, in source file Somador-Subtrador/SomadorCompleto/Meio-Somador.bdf
    Info (12023): Found entity 1: Meio-Somador
Info (12021): Found 1 design units, including 1 entities, in source file REM/REM.bdf
    Info (12023): Found entity 1: REM
Info (12021): Found 1 design units, including 1 entities, in source file RegistradorB/RegistradorB.bdf
    Info (12023): Found entity 1: RegistradorB
Info (12021): Found 1 design units, including 1 entities, in source file Registrador-de-Instruces/Registrador-de-Instrucoes.bdf
    Info (12023): Found entity 1: Registrador-de-Instrucoes
Info (12021): Found 1 design units, including 1 entities, in source file Memoria-RAM/MemoriaDados.v
    Info (12023): Found entity 1: MemoriaDados
Info (12021): Found 1 design units, including 1 entities, in source file Memoria-RAM/MemoriaComandos.v
    Info (12023): Found entity 1: MemoriaComandos
Info (12021): Found 1 design units, including 1 entities, in source file Memoria-RAM/Memoria-RAM.bdf
    Info (12023): Found entity 1: Memoria-RAM
Info (12021): Found 1 design units, including 1 entities, in source file FlipFlop-JK/FlipFlop-JK.bdf
    Info (12023): Found entity 1: FlipFlop-JK
Info (12021): Found 1 design units, including 1 entities, in source file FlipFlop-D/FlipFLop-DRS.bdf
    Info (12023): Found entity 1: FlipFLop-DRS
Info (12021): Found 1 design units, including 1 entities, in source file FlipFlop-D/FlipFlop-D.bdf
    Info (12023): Found entity 1: FlipFlop-D
Info (12021): Found 1 design units, including 1 entities, in source file Controlador/Controlador.bdf
    Info (12023): Found entity 1: Controlador
Info (12021): Found 1 design units, including 1 entities, in source file Controlador/Decididor/Decididor.bdf
    Info (12023): Found entity 1: Decididor
Info (12021): Found 1 design units, including 1 entities, in source file Controlador/Contador-Anel/Contador-Anel.bdf
    Info (12023): Found entity 1: Contador-Anel
Warning (12090): Entity "MUX" obtained from "Controlador/Ciclo-Execucao/MUX.bdf" instead of from Quartus II megafunction library
Info (12021): Found 1 design units, including 1 entities, in source file Controlador/Ciclo-Execucao/MUX.bdf
    Info (12023): Found entity 1: MUX
Info (12021): Found 1 design units, including 1 entities, in source file Controlador/Ciclo-Execucao/Ciclo-Execucao.bdf
    Info (12023): Found entity 1: Ciclo-Execucao
Info (12021): Found 1 design units, including 1 entities, in source file Controlador/Ciclo-Busca/Ciclo-Busca.bdf
    Info (12023): Found entity 1: Ciclo-Busca
Info (12021): Found 1 design units, including 1 entities, in source file Contador-Programa/Contador-Programa.bdf
    Info (12023): Found entity 1: Contador-Programa
Info (12021): Found 1 design units, including 1 entities, in source file Acumulador/Acumulador.bdf
    Info (12023): Found entity 1: Acumulador
Warning (12125): Using design file MicroProcessador.bdf, which is not specified as a design file for the current project, but contains definitions for 1 design units and 1 entities in project
    Info (12023): Found entity 1: MicroProcessador
Info (12127): Elaborating entity "MicroProcessador" for the top level hierarchy
Warning (275013): Port "Clk" of type Contador-Programa and instance "inst" is missing source signal
Warning (275013): Port "Clk" of type RegistradorB and instance "inst10" is missing source signal
Warning (275013): Port "Clk" of type REM and instance "inst12" is missing source signal
Warning (275013): Port "Clk" of type Registrador-de-Instrucoes and instance "inst13" is missing source signal
Warning (275013): Port "Clk" of type Controlador and instance "inst2" is missing source signal
Warning (275013): Port "Clk" of type Acumulador and instance "inst9" is missing source signal
Info (12128): Elaborating entity "Contador-Programa" for hierarchy "Contador-Programa:inst"
Info (12128): Elaborating entity "FlipFlop-JK" for hierarchy "Contador-Programa:inst|FlipFlop-JK:inst"
Info (12128): Elaborating entity "RegistradorB" for hierarchy "RegistradorB:inst10"
Info (12128): Elaborating entity "FlipFlop-D" for hierarchy "RegistradorB:inst10|FlipFlop-D:inst1"
Info (12128): Elaborating entity "REM" for hierarchy "REM:inst12"
Info (12128): Elaborating entity "Registrador-de-Instrucoes" for hierarchy "Registrador-de-Instrucoes:inst13"
Info (12128): Elaborating entity "Controlador" for hierarchy "Controlador:inst2"
Warning (275008): Primitive "AND4" of instance "inst3" not used
Info (12128): Elaborating entity "Decididor" for hierarchy "Controlador:inst2|Decididor:inst15"
Info (12128): Elaborating entity "Contador-Anel" for hierarchy "Controlador:inst2|Contador-Anel:inst25"
Info (12128): Elaborating entity "FlipFLop-DRS" for hierarchy "Controlador:inst2|Contador-Anel:inst25|FlipFLop-DRS:inst"
Info (12128): Elaborating entity "Ciclo-Busca" for hierarchy "Controlador:inst2|Ciclo-Busca:inst140"
Info (12128): Elaborating entity "Ciclo-Execucao" for hierarchy "Controlador:inst2|Ciclo-Execucao:inst20"
Warning (275011): Block or symbol "AND2" of instance "inst2" overlaps another block or symbol
Info (12128): Elaborating entity "MUX" for hierarchy "Controlador:inst2|Ciclo-Execucao:inst20|MUX:inst21"
Info (12128): Elaborating entity "Memoria-RAM" for hierarchy "Memoria-RAM:inst5"
Info (12128): Elaborating entity "MemoriaComandos" for hierarchy "Memoria-RAM:inst5|MemoriaComandos:inst2"
Info (12128): Elaborating entity "altsyncram" for hierarchy "Memoria-RAM:inst5|MemoriaComandos:inst2|altsyncram:altsyncram_component"
Info (12130): Elaborated megafunction instantiation "Memoria-RAM:inst5|MemoriaComandos:inst2|altsyncram:altsyncram_component"
Info (12133): Instantiated megafunction "Memoria-RAM:inst5|MemoriaComandos:inst2|altsyncram:altsyncram_component" with the following parameter:
    Info (12134): Parameter "address_aclr_a" = "NONE"
    Info (12134): Parameter "clock_enable_input_a" = "BYPASS"
    Info (12134): Parameter "clock_enable_output_a" = "BYPASS"
    Info (12134): Parameter "init_file" = "Comandos-Memoria.hex"
    Info (12134): Parameter "intended_device_family" = "Cyclone IV E"
    Info (12134): Parameter "lpm_hint" = "ENABLE_RUNTIME_MOD=NO"
    Info (12134): Parameter "lpm_type" = "altsyncram"
    Info (12134): Parameter "numwords_a" = "32"
    Info (12134): Parameter "operation_mode" = "ROM"
    Info (12134): Parameter "outdata_aclr_a" = "NONE"
    Info (12134): Parameter "outdata_reg_a" = "UNREGISTERED"
    Info (12134): Parameter "widthad_a" = "5"
    Info (12134): Parameter "width_a" = "8"
    Info (12134): Parameter "width_byteena_a" = "1"
Info (12021): Found 1 design units, including 1 entities, in source file db/altsyncram_ngb1.tdf
    Info (12023): Found entity 1: altsyncram_ngb1
Info (12128): Elaborating entity "altsyncram_ngb1" for hierarchy "Memoria-RAM:inst5|MemoriaComandos:inst2|altsyncram:altsyncram_component|altsyncram_ngb1:auto_generated"
Info (12128): Elaborating entity "MemoriaDados" for hierarchy "Memoria-RAM:inst5|MemoriaDados:inst"
Info (12128): Elaborating entity "altsyncram" for hierarchy "Memoria-RAM:inst5|MemoriaDados:inst|altsyncram:altsyncram_component"
Info (12130): Elaborated megafunction instantiation "Memoria-RAM:inst5|MemoriaDados:inst|altsyncram:altsyncram_component"
Info (12133): Instantiated megafunction "Memoria-RAM:inst5|MemoriaDados:inst|altsyncram:altsyncram_component" with the following parameter:
    Info (12134): Parameter "address_aclr_a" = "NONE"
    Info (12134): Parameter "clock_enable_input_a" = "BYPASS"
    Info (12134): Parameter "clock_enable_output_a" = "BYPASS"
    Info (12134): Parameter "init_file" = "Dados-Memoria.hex"
    Info (12134): Parameter "intended_device_family" = "Cyclone IV E"
    Info (12134): Parameter "lpm_hint" = "ENABLE_RUNTIME_MOD=NO"
    Info (12134): Parameter "lpm_type" = "altsyncram"
    Info (12134): Parameter "numwords_a" = "32"
    Info (12134): Parameter "operation_mode" = "ROM"
    Info (12134): Parameter "outdata_aclr_a" = "NONE"
    Info (12134): Parameter "outdata_reg_a" = "UNREGISTERED"
    Info (12134): Parameter "widthad_a" = "5"
    Info (12134): Parameter "width_a" = "8"
    Info (12134): Parameter "width_byteena_a" = "1"
Info (12021): Found 1 design units, including 1 entities, in source file db/altsyncram_e6b1.tdf
    Info (12023): Found entity 1: altsyncram_e6b1
Info (12128): Elaborating entity "altsyncram_e6b1" for hierarchy "Memoria-RAM:inst5|MemoriaDados:inst|altsyncram:altsyncram_component|altsyncram_e6b1:auto_generated"
Info (12128): Elaborating entity "Somador-Subtrador" for hierarchy "Somador-Subtrador:inst8"
Info (12128): Elaborating entity "Somador-8b" for hierarchy "Somador-Subtrador:inst8|Somador-8b:inst90"
Info (12128): Elaborating entity "Somador-Completo" for hierarchy "Somador-Subtrador:inst8|Somador-8b:inst90|Somador-Completo:inst8"
Info (12128): Elaborating entity "Meio-Somador" for hierarchy "Somador-Subtrador:inst8|Somador-8b:inst90|Somador-Completo:inst8|Meio-Somador:inst1"
Info (12128): Elaborating entity "Subtrador-8b" for hierarchy "Somador-Subtrador:inst8|Subtrador-8b:inst2"
Info (12128): Elaborating entity "Subtrador-Completo" for hierarchy "Somador-Subtrador:inst8|Subtrador-8b:inst2|Subtrador-Completo:inst7"
Info (12128): Elaborating entity "Meio-Subtrador" for hierarchy "Somador-Subtrador:inst8|Subtrador-8b:inst2|Subtrador-Completo:inst7|Meio-Subtrador:inst1"
Info (12128): Elaborating entity "Acumulador" for hierarchy "Acumulador:inst9"
Warning (14284): Synthesized away the following node(s):
    Warning (14285): Synthesized away the following RAM node(s):
        Warning (14320): Synthesized away node "Memoria-RAM:inst5|MemoriaDados:inst|altsyncram:altsyncram_component|altsyncram_e6b1:auto_generated|q_a[0]"
        Warning (14320): Synthesized away node "Memoria-RAM:inst5|MemoriaDados:inst|altsyncram:altsyncram_component|altsyncram_e6b1:auto_generated|q_a[1]"
        Warning (14320): Synthesized away node "Memoria-RAM:inst5|MemoriaDados:inst|altsyncram:altsyncram_component|altsyncram_e6b1:auto_generated|q_a[2]"
        Warning (14320): Synthesized away node "Memoria-RAM:inst5|MemoriaDados:inst|altsyncram:altsyncram_component|altsyncram_e6b1:auto_generated|q_a[3]"
        Warning (14320): Synthesized away node "Memoria-RAM:inst5|MemoriaDados:inst|altsyncram:altsyncram_component|altsyncram_e6b1:auto_generated|q_a[4]"
        Warning (14320): Synthesized away node "Memoria-RAM:inst5|MemoriaDados:inst|altsyncram:altsyncram_component|altsyncram_e6b1:auto_generated|q_a[5]"
        Warning (14320): Synthesized away node "Memoria-RAM:inst5|MemoriaDados:inst|altsyncram:altsyncram_component|altsyncram_e6b1:auto_generated|q_a[6]"
        Warning (14320): Synthesized away node "Memoria-RAM:inst5|MemoriaDados:inst|altsyncram:altsyncram_component|altsyncram_e6b1:auto_generated|q_a[7]"
        Warning (14320): Synthesized away node "Memoria-RAM:inst5|MemoriaComandos:inst2|altsyncram:altsyncram_component|altsyncram_ngb1:auto_generated|q_a[0]"
        Warning (14320): Synthesized away node "Memoria-RAM:inst5|MemoriaComandos:inst2|altsyncram:altsyncram_component|altsyncram_ngb1:auto_generated|q_a[1]"
        Warning (14320): Synthesized away node "Memoria-RAM:inst5|MemoriaComandos:inst2|altsyncram:altsyncram_component|altsyncram_ngb1:auto_generated|q_a[2]"
        Warning (14320): Synthesized away node "Memoria-RAM:inst5|MemoriaComandos:inst2|altsyncram:altsyncram_component|altsyncram_ngb1:auto_generated|q_a[3]"
        Warning (14320): Synthesized away node "Memoria-RAM:inst5|MemoriaComandos:inst2|altsyncram:altsyncram_component|altsyncram_ngb1:auto_generated|q_a[4]"
        Warning (14320): Synthesized away node "Memoria-RAM:inst5|MemoriaComandos:inst2|altsyncram:altsyncram_component|altsyncram_ngb1:auto_generated|q_a[5]"
        Warning (14320): Synthesized away node "Memoria-RAM:inst5|MemoriaComandos:inst2|altsyncram:altsyncram_component|altsyncram_ngb1:auto_generated|q_a[6]"
        Warning (14320): Synthesized away node "Memoria-RAM:inst5|MemoriaComandos:inst2|altsyncram:altsyncram_component|altsyncram_ngb1:auto_generated|q_a[7]"
Error (12061): Can't synthesize current design -- Top partition does not contain any logic
Error: Quartus II 32-bit Analysis & Synthesis was unsuccessful. 1 error, 28 warnings
    Error: Peak virtual memory: 336 megabytes
    Error: Processing ended: Fri Oct 28 15:46:58 2016
    Error: Elapsed time: 00:00:02
    Error: Total CPU time (on all processors): 00:00:02


